main.c:108:6:debug	16	static
main.c:114:6:bootloader_uart_write_data	16	static
main.c:119:6:debugprint	1016	static
main.c:131:6:bootloader_app_init	8	static
main.c:138:6:user_app_init	24	static,ignoring_inline_asm
main.c:171:5:main	8	static
main.c:229:6:bootloader_RX_Buffer	16	static
main.c:299:6:SystemClock_Config	88	static
main.c:344:13:MX_CRC_Init	8	static
main.c:370:13:MX_USART1_UART_Init	8	static
main.c:403:13:MX_USART2_UART_Init	8	static
main.c:436:13:MX_GPIO_Init	48	static
main.c:472:6:Error_Handler	4	static
main.c:498:6:bootloader_handle_getver_cmd	32	static
main.c:533:6:bootloader_handle_gethelp_cmd	24	static
main.c:562:6:bootloader_handle_getcid_cmd	32	static
main.c:594:6:bootloader_handle_getrdp_cmd	32	static
main.c:621:6:bootloader_handle_go_cmd	40	static
main.c:682:6:bootloader_handle_flash_erase_cmd	32	static
main.c:716:6:bootloader_handle_mem_write_cmd	40	static
main.c:771:6:bootloader_handle_endis_rw_protect	16	static
main.c:776:6:bootloader_handle_read_sector_status	16	static
main.c:781:6:bootloader_handle_read_otp	16	static
main.c:786:6:bootloader_handle_dis_rw_protect	16	static
main.c:793:6:bootloader_send_ack	24	static
main.c:802:6:bootloader_send_nack	16	static
main.c:810:9:bootloader_verify_crc	40	static
main.c:832:9:get_bootloader_version	4	static
main.c:845:10:get_mcu_chip_id	16	static
main.c:852:9:get_flash_rdp_level	16	static
main.c:874:9:verify_address	16	static
main.c:902:9:execute_flash_erase	48	static
main.c:964:9:execute_mem_write	40	static
