main.c:96:6:debug	16	static
main.c:102:6:bootloader_uart_write_data	16	static
main.c:107:6:debugprint	1016	static
main.c:119:6:bootloader_app_init	8	static
main.c:126:6:user_app_init	24	static,ignoring_inline_asm
main.c:159:5:main	8	static
main.c:217:6:bootloader_RX_Buffer	16	static
main.c:287:6:SystemClock_Config	88	static
main.c:332:13:MX_CRC_Init	8	static
main.c:358:13:MX_USART1_UART_Init	8	static
main.c:391:13:MX_USART2_UART_Init	8	static
main.c:424:13:MX_GPIO_Init	48	static
main.c:460:6:Error_Handler	4	static
main.c:486:6:bootloader_handle_getver_cmd	32	static
main.c:517:6:bootloader_handle_gethelp_cmd	16	static
main.c:522:6:bootloader_handle_getcid_cmd	16	static
main.c:527:6:bootloader_handle_getrdp_cmd	16	static
main.c:532:6:bootloader_handle_go_cmd	16	static
main.c:537:6:bootloader_handle_flash_erase_cmd	16	static
main.c:542:6:bootloader_handle_mem_write_cmd	16	static
main.c:547:6:bootloader_handle_endis_rw_protect	16	static
main.c:552:6:bootloader_handle_read_sector_status	16	static
main.c:557:6:bootloader_handle_read_otp	16	static
main.c:562:6:bootloader_handle_dis_rw_protect	16	static
main.c:569:6:bootloader_send_ack	24	static
main.c:578:6:bootloader_send_nack	16	static
main.c:586:9:bootloader_verify_crc	40	static
main.c:605:9:get_bootloader_version	4	static
